mode: set
sfdbtools/internal/app/profile/helpers/parser/import_parser.go:26.65,27.23 1 0
sfdbtools/internal/app/profile/helpers/parser/import_parser.go:27.23,29.3 1 0
sfdbtools/internal/app/profile/helpers/parser/import_parser.go:32.2,33.28 2 0
sfdbtools/internal/app/profile/helpers/parser/import_parser.go:33.28,35.3 1 0
sfdbtools/internal/app/profile/helpers/parser/import_parser.go:38.2,39.25 2 0
sfdbtools/internal/app/profile/helpers/parser/import_parser.go:39.25,40.24 1 0
sfdbtools/internal/app/profile/helpers/parser/import_parser.go:40.24,41.12 1 0
sfdbtools/internal/app/profile/helpers/parser/import_parser.go:44.3,44.30 1 0
sfdbtools/internal/app/profile/helpers/parser/import_parser.go:44.30,46.4 1 0
sfdbtools/internal/app/profile/helpers/parser/import_parser.go:50.2,52.29 3 0
sfdbtools/internal/app/profile/helpers/parser/import_parser.go:52.29,53.30 1 0
sfdbtools/internal/app/profile/helpers/parser/import_parser.go:53.30,55.4 1 0
sfdbtools/internal/app/profile/helpers/parser/import_parser.go:57.2,57.22 1 0
sfdbtools/internal/app/profile/helpers/parser/import_parser.go:57.22,59.3 1 0
sfdbtools/internal/app/profile/helpers/parser/import_parser.go:62.2,70.25 4 0
sfdbtools/internal/app/profile/helpers/parser/import_parser.go:70.25,71.24 1 0
sfdbtools/internal/app/profile/helpers/parser/import_parser.go:71.24,72.12 1 0
sfdbtools/internal/app/profile/helpers/parser/import_parser.go:74.3,74.16 1 0
sfdbtools/internal/app/profile/helpers/parser/import_parser.go:74.16,76.4 1 0
sfdbtools/internal/app/profile/helpers/parser/import_parser.go:78.2,78.26 1 0
sfdbtools/internal/app/profile/helpers/parser/import_parser.go:78.26,80.3 1 0
sfdbtools/internal/app/profile/helpers/parser/import_parser.go:82.2,85.8 1 0
sfdbtools/internal/app/profile/helpers/parser/import_parser.go:89.125,93.31 3 0
sfdbtools/internal/app/profile/helpers/parser/import_parser.go:93.31,97.29 2 0
sfdbtools/internal/app/profile/helpers/parser/import_parser.go:97.29,98.12 1 0
sfdbtools/internal/app/profile/helpers/parser/import_parser.go:102.3,102.34 1 0
sfdbtools/internal/app/profile/helpers/parser/import_parser.go:102.34,104.11 2 0
sfdbtools/internal/app/profile/helpers/parser/import_parser.go:104.11,106.5 1 0
sfdbtools/internal/app/profile/helpers/parser/import_parser.go:107.4,107.34 1 0
sfdbtools/internal/app/profile/helpers/parser/import_parser.go:107.34,109.5 1 0
sfdbtools/internal/app/profile/helpers/parser/import_parser.go:110.4,110.32 1 0
sfdbtools/internal/app/profile/helpers/parser/import_parser.go:114.3,129.18 12 0
sfdbtools/internal/app/profile/helpers/parser/import_parser.go:129.18,134.4 2 0
sfdbtools/internal/app/profile/helpers/parser/import_parser.go:137.3,145.19 7 0
sfdbtools/internal/app/profile/helpers/parser/import_parser.go:145.19,150.4 2 0
sfdbtools/internal/app/profile/helpers/parser/import_parser.go:153.3,154.19 2 0
sfdbtools/internal/app/profile/helpers/parser/import_parser.go:154.19,159.4 2 0
sfdbtools/internal/app/profile/helpers/parser/import_parser.go:162.3,162.17 1 0
sfdbtools/internal/app/profile/helpers/parser/import_parser.go:162.17,169.66 3 0
sfdbtools/internal/app/profile/helpers/parser/import_parser.go:169.66,175.5 1 0
sfdbtools/internal/app/profile/helpers/parser/import_parser.go:179.3,194.5 1 0
sfdbtools/internal/app/profile/helpers/parser/import_parser.go:197.2,197.21 1 0
sfdbtools/internal/app/profile/helpers/parser/import_parser.go:202.39,208.2 5 0
sfdbtools/internal/app/profile/helpers/parser/profile_parse.go:24.83,26.16 2 1
sfdbtools/internal/app/profile/helpers/parser/profile_parse.go:26.16,28.3 1 1
sfdbtools/internal/app/profile/helpers/parser/profile_parse.go:30.2,32.13 3 1
sfdbtools/internal/app/profile/helpers/parser/profile_parse.go:32.13,35.17 3 1
sfdbtools/internal/app/profile/helpers/parser/profile_parse.go:35.17,37.4 1 1
sfdbtools/internal/app/profile/helpers/parser/profile_parse.go:38.3,39.44 2 1
sfdbtools/internal/app/profile/helpers/parser/profile_parse.go:40.8,44.3 2 1
sfdbtools/internal/app/profile/helpers/parser/profile_parse.go:46.2,47.16 2 1
sfdbtools/internal/app/profile/helpers/parser/profile_parse.go:47.16,49.32 2 1
sfdbtools/internal/app/profile/helpers/parser/profile_parse.go:50.14,51.172 1 0
sfdbtools/internal/app/profile/helpers/parser/profile_parse.go:52.21,53.168 1 1
sfdbtools/internal/app/profile/helpers/parser/profile_parse.go:54.17,55.164 1 0
sfdbtools/internal/app/profile/helpers/parser/profile_parse.go:56.11,57.162 1 0
sfdbtools/internal/app/profile/helpers/parser/profile_parse.go:59.3,59.75 1 1
sfdbtools/internal/app/profile/helpers/parser/profile_parse.go:62.2,64.19 3 1
sfdbtools/internal/app/profile/helpers/parser/profile_parse.go:64.19,66.3 1 1
sfdbtools/internal/app/profile/helpers/parser/profile_parse.go:68.2,71.2 3 1
sfdbtools/internal/app/profile/helpers/parser/profile_parse.go:71.2,72.34 1 1
sfdbtools/internal/app/profile/helpers/parser/profile_parse.go:72.34,74.4 1 1
sfdbtools/internal/app/profile/helpers/parser/profile_parse.go:75.3,75.34 1 1
sfdbtools/internal/app/profile/helpers/parser/profile_parse.go:75.34,76.69 1 1
sfdbtools/internal/app/profile/helpers/parser/profile_parse.go:76.69,78.5 1 1
sfdbtools/internal/app/profile/helpers/parser/profile_parse.go:80.3,80.34 1 1
sfdbtools/internal/app/profile/helpers/parser/profile_parse.go:80.34,82.4 1 1
sfdbtools/internal/app/profile/helpers/parser/profile_parse.go:83.3,83.39 1 1
sfdbtools/internal/app/profile/helpers/parser/profile_parse.go:83.39,85.4 1 1
sfdbtools/internal/app/profile/helpers/parser/profile_parse.go:88.2,88.22 1 1
sfdbtools/internal/app/profile/helpers/parser/profile_parse.go:88.22,90.40 2 1
sfdbtools/internal/app/profile/helpers/parser/profile_parse.go:90.40,91.49 1 1
sfdbtools/internal/app/profile/helpers/parser/profile_parse.go:92.39,93.23 1 1
sfdbtools/internal/app/profile/helpers/parser/profile_parse.go:96.3,96.37 1 1
sfdbtools/internal/app/profile/helpers/parser/profile_parse.go:96.37,98.4 1 1
sfdbtools/internal/app/profile/helpers/parser/profile_parse.go:99.3,99.37 1 1
sfdbtools/internal/app/profile/helpers/parser/profile_parse.go:99.37,100.66 1 1
sfdbtools/internal/app/profile/helpers/parser/profile_parse.go:100.66,102.5 1 1
sfdbtools/internal/app/profile/helpers/parser/profile_parse.go:104.3,104.20 1 1
sfdbtools/internal/app/profile/helpers/parser/profile_parse.go:104.20,106.4 1 1
sfdbtools/internal/app/profile/helpers/parser/profile_parse.go:107.3,107.37 1 1
sfdbtools/internal/app/profile/helpers/parser/profile_parse.go:107.37,109.4 1 1
sfdbtools/internal/app/profile/helpers/parser/profile_parse.go:110.3,110.45 1 1
sfdbtools/internal/app/profile/helpers/parser/profile_parse.go:110.45,112.4 1 1
sfdbtools/internal/app/profile/helpers/parser/profile_parse.go:113.3,113.46 1 1
sfdbtools/internal/app/profile/helpers/parser/profile_parse.go:113.46,115.4 1 1
sfdbtools/internal/app/profile/helpers/parser/profile_parse.go:116.3,116.43 1 1
sfdbtools/internal/app/profile/helpers/parser/profile_parse.go:116.43,117.69 1 1
sfdbtools/internal/app/profile/helpers/parser/profile_parse.go:117.69,119.5 1 1
sfdbtools/internal/app/profile/helpers/parser/profile_parse.go:121.3,121.23 1 1
sfdbtools/internal/app/profile/helpers/parser/profile_parse.go:123.2,123.18 1 1
