mode: set
sfdbtools/internal/app/profile/helpers/loader/profile_loader.go:67.82,71.23 3 1
sfdbtools/internal/app/profile/helpers/loader/profile_loader.go:71.23,72.32 1 1
sfdbtools/internal/app/profile/helpers/loader/profile_loader.go:72.32,74.4 1 1
sfdbtools/internal/app/profile/helpers/loader/profile_loader.go:76.3,76.24 1 1
sfdbtools/internal/app/profile/helpers/loader/profile_loader.go:76.24,77.29 1 1
sfdbtools/internal/app/profile/helpers/loader/profile_loader.go:77.29,79.21 2 0
sfdbtools/internal/app/profile/helpers/loader/profile_loader.go:79.21,81.6 1 0
sfdbtools/internal/app/profile/helpers/loader/profile_loader.go:82.5,83.19 2 0
sfdbtools/internal/app/profile/helpers/loader/profile_loader.go:83.19,85.6 1 0
sfdbtools/internal/app/profile/helpers/loader/profile_loader.go:86.5,86.22 1 0
sfdbtools/internal/app/profile/helpers/loader/profile_loader.go:89.4,89.27 1 1
sfdbtools/internal/app/profile/helpers/loader/profile_loader.go:89.27,91.22 2 1
sfdbtools/internal/app/profile/helpers/loader/profile_loader.go:91.22,93.6 1 1
sfdbtools/internal/app/profile/helpers/loader/profile_loader.go:94.5,95.21 2 1
sfdbtools/internal/app/profile/helpers/loader/profile_loader.go:95.21,97.6 1 1
sfdbtools/internal/app/profile/helpers/loader/profile_loader.go:98.5,98.109 1 1
sfdbtools/internal/app/profile/helpers/loader/profile_loader.go:103.2,103.50 1 1
sfdbtools/internal/app/profile/helpers/loader/profile_loader.go:103.50,105.3 1 1
sfdbtools/internal/app/profile/helpers/loader/profile_loader.go:107.2,112.26 2 1
sfdbtools/internal/app/profile/helpers/loader/profile_loader.go:112.26,114.3 1 1
sfdbtools/internal/app/profile/helpers/loader/profile_loader.go:114.8,116.3 1 1
sfdbtools/internal/app/profile/helpers/loader/profile_loader.go:117.2,117.16 1 1
sfdbtools/internal/app/profile/helpers/loader/profile_loader.go:117.16,119.3 1 1
sfdbtools/internal/app/profile/helpers/loader/profile_loader.go:121.2,122.16 2 1
sfdbtools/internal/app/profile/helpers/loader/profile_loader.go:122.16,124.3 1 1
sfdbtools/internal/app/profile/helpers/loader/profile_loader.go:126.2,129.21 3 1
sfdbtools/internal/app/profile/helpers/loader/profile_loader.go:150.119,162.2 1 1
sfdbtools/internal/app/profile/helpers/loader/profile_loader.go:193.167,201.16 2 0
sfdbtools/internal/app/profile/helpers/loader/profile_loader.go:201.16,203.3 1 0
sfdbtools/internal/app/profile/helpers/loader/profile_loader.go:204.2,204.19 1 0
sfdbtools/internal/app/profile/helpers/loader/profile_loader.go:204.19,206.3 1 0
sfdbtools/internal/app/profile/helpers/loader/profile_loader.go:208.2,210.44 3 0
