mode: set
sfdbtools/internal/app/profile/connection/connector.go:83.115,84.20 1 0
sfdbtools/internal/app/profile/connection/connector.go:84.20,86.3 1 0
sfdbtools/internal/app/profile/connection/connector.go:87.2,87.58 1 0
sfdbtools/internal/app/profile/connection/connector.go:87.58,89.3 1 0
sfdbtools/internal/app/profile/connection/connector.go:91.2,91.21 1 0
sfdbtools/internal/app/profile/connection/connector.go:91.21,93.3 1 0
sfdbtools/internal/app/profile/connection/connector.go:97.2,100.16 3 0
sfdbtools/internal/app/profile/connection/connector.go:100.16,102.17 2 0
sfdbtools/internal/app/profile/connection/connector.go:102.17,104.4 1 0
sfdbtools/internal/app/profile/connection/connector.go:107.2,108.31 2 0
sfdbtools/internal/app/profile/connection/connector.go:108.31,110.3 1 0
sfdbtools/internal/app/profile/connection/connector.go:112.2,113.12 2 0
sfdbtools/internal/app/profile/connection/connector.go:113.12,117.3 3 0
sfdbtools/internal/app/profile/connection/connector.go:120.2,121.31 2 0
sfdbtools/internal/app/profile/connection/connector.go:121.31,123.20 2 0
sfdbtools/internal/app/profile/connection/connector.go:123.20,125.4 1 0
sfdbtools/internal/app/profile/connection/connector.go:127.3,144.17 4 0
sfdbtools/internal/app/profile/connection/connector.go:144.17,146.20 2 0
sfdbtools/internal/app/profile/connection/connector.go:146.20,148.5 1 0
sfdbtools/internal/app/profile/connection/connector.go:149.4,149.90 1 0
sfdbtools/internal/app/profile/connection/connector.go:151.3,152.57 2 0
sfdbtools/internal/app/profile/connection/connector.go:155.2,169.16 4 0
sfdbtools/internal/app/profile/connection/connector.go:169.16,170.20 1 0
sfdbtools/internal/app/profile/connection/connector.go:170.20,172.4 1 0
sfdbtools/internal/app/profile/connection/connector.go:173.3,174.71 1 0
sfdbtools/internal/app/profile/connection/connector.go:177.2,177.19 1 0
sfdbtools/internal/app/profile/connection/connector.go:177.19,178.34 1 0
sfdbtools/internal/app/profile/connection/connector.go:178.34,180.4 1 0
sfdbtools/internal/app/profile/connection/connector.go:183.2,183.20 1 0
sfdbtools/internal/app/profile/connection/connector.go:200.44,205.2 4 1
sfdbtools/internal/app/profile/connection/errors.go:32.72,33.16 1 0
sfdbtools/internal/app/profile/connection/errors.go:33.16,35.3 1 0
sfdbtools/internal/app/profile/connection/errors.go:37.2,47.36 4 0
sfdbtools/internal/app/profile/connection/errors.go:47.36,50.3 2 0
sfdbtools/internal/app/profile/connection/errors.go:52.2,52.25 1 0
sfdbtools/internal/app/profile/connection/errors.go:52.25,55.20 3 0
sfdbtools/internal/app/profile/connection/errors.go:56.28,57.17 1 0
sfdbtools/internal/app/profile/connection/errors.go:58.27,59.22 1 0
sfdbtools/internal/app/profile/connection/errors.go:61.3,61.169 1 0
sfdbtools/internal/app/profile/connection/errors.go:64.2,65.13 2 0
sfdbtools/internal/app/profile/connection/errors.go:68.37,69.16 1 0
sfdbtools/internal/app/profile/connection/errors.go:69.16,71.3 1 0
sfdbtools/internal/app/profile/connection/errors.go:73.2,73.46 1 0
sfdbtools/internal/app/profile/connection/errors.go:73.46,75.3 1 0
sfdbtools/internal/app/profile/connection/errors.go:77.2,78.25 2 0
sfdbtools/internal/app/profile/connection/errors.go:78.25,80.3 1 0
sfdbtools/internal/app/profile/connection/errors.go:82.2,83.85 2 0
sfdbtools/internal/app/profile/connection/errors.go:86.50,87.12 1 0
sfdbtools/internal/app/profile/connection/errors.go:87.12,89.3 1 0
sfdbtools/internal/app/profile/connection/errors.go:91.2,92.21 2 0
sfdbtools/internal/app/profile/connection/errors.go:95.49,107.31 2 0
sfdbtools/internal/app/profile/connection/errors.go:107.31,108.33 1 0
sfdbtools/internal/app/profile/connection/errors.go:108.33,110.4 1 0
sfdbtools/internal/app/profile/connection/errors.go:112.2,112.14 1 0
sfdbtools/internal/app/profile/connection/errors.go:115.43,121.70 2 0
sfdbtools/internal/app/profile/connection/errors.go:121.70,125.3 1 0
sfdbtools/internal/app/profile/connection/errors.go:126.2,126.103 1 0
sfdbtools/internal/app/profile/connection/errors.go:126.103,130.3 1 0
sfdbtools/internal/app/profile/connection/errors.go:131.2,131.58 1 0
sfdbtools/internal/app/profile/connection/errors.go:131.58,135.3 1 0
sfdbtools/internal/app/profile/connection/errors.go:136.2,136.107 1 0
sfdbtools/internal/app/profile/connection/errors.go:136.107,140.3 1 0
sfdbtools/internal/app/profile/connection/errors.go:141.2,141.61 1 0
sfdbtools/internal/app/profile/connection/errors.go:141.61,145.3 1 0
sfdbtools/internal/app/profile/connection/errors.go:146.2,146.57 1 0
sfdbtools/internal/app/profile/connection/errors.go:146.57,150.3 1 0
sfdbtools/internal/app/profile/connection/errors.go:151.2,151.161 1 0
sfdbtools/internal/app/profile/connection/errors.go:151.161,155.3 1 0
sfdbtools/internal/app/profile/connection/errors.go:156.2,156.93 1 0
sfdbtools/internal/app/profile/connection/errors.go:156.93,160.3 1 0
sfdbtools/internal/app/profile/connection/errors.go:161.2,161.51 1 0
sfdbtools/internal/app/profile/connection/errors.go:161.51,165.3 1 0
sfdbtools/internal/app/profile/connection/errors.go:166.2,166.82 1 0
sfdbtools/internal/app/profile/connection/errors.go:166.82,170.3 1 0
sfdbtools/internal/app/profile/connection/errors.go:171.2,171.50 1 0
sfdbtools/internal/app/profile/connection/errors.go:171.50,175.3 1 0
sfdbtools/internal/app/profile/connection/errors.go:180.2,180.41 1 0
sfdbtools/internal/app/profile/connection/errors.go:180.41,184.3 1 0
sfdbtools/internal/app/profile/connection/errors.go:185.2,185.51 1 0
sfdbtools/internal/app/profile/connection/errors.go:185.51,189.3 1 0
sfdbtools/internal/app/profile/connection/errors.go:190.2,190.45 1 0
sfdbtools/internal/app/profile/connection/errors.go:190.45,194.3 1 0
sfdbtools/internal/app/profile/connection/errors.go:195.2,195.87 1 0
sfdbtools/internal/app/profile/connection/errors.go:195.87,199.3 1 0
sfdbtools/internal/app/profile/connection/errors.go:200.2,200.49 1 0
sfdbtools/internal/app/profile/connection/errors.go:200.49,204.3 1 0
sfdbtools/internal/app/profile/connection/errors.go:205.2,205.105 1 0
sfdbtools/internal/app/profile/connection/errors.go:205.105,209.3 1 0
sfdbtools/internal/app/profile/connection/errors.go:210.2,210.51 1 0
sfdbtools/internal/app/profile/connection/errors.go:210.51,214.3 1 0
sfdbtools/internal/app/profile/connection/errors.go:215.2,215.54 1 0
sfdbtools/internal/app/profile/connection/errors.go:215.54,219.3 1 0
sfdbtools/internal/app/profile/connection/errors.go:220.2,220.68 1 0
sfdbtools/internal/app/profile/connection/errors.go:220.68,224.3 1 0
sfdbtools/internal/app/profile/connection/errors.go:225.2,225.110 1 0
sfdbtools/internal/app/profile/connection/errors.go:225.110,229.3 1 0
sfdbtools/internal/app/profile/connection/errors.go:230.2,230.160 1 0
sfdbtools/internal/app/profile/connection/errors.go:230.160,234.3 1 0
sfdbtools/internal/app/profile/connection/errors.go:236.2,236.27 1 0
sfdbtools/internal/app/profile/connection/errors.go:239.40,240.18 1 0
sfdbtools/internal/app/profile/connection/errors.go:240.18,242.3 1 0
sfdbtools/internal/app/profile/connection/errors.go:243.2,245.23 3 0
sfdbtools/internal/app/profile/connection/errors.go:245.23,247.14 2 0
sfdbtools/internal/app/profile/connection/errors.go:247.14,248.12 1 0
sfdbtools/internal/app/profile/connection/errors.go:250.3,250.27 1 0
sfdbtools/internal/app/profile/connection/errors.go:250.27,251.12 1 0
sfdbtools/internal/app/profile/connection/errors.go:253.3,254.23 2 0
sfdbtools/internal/app/profile/connection/errors.go:256.2,256.12 1 0
sfdbtools/internal/app/profile/connection/errors.go:259.70,260.34 1 0
sfdbtools/internal/app/profile/connection/errors.go:260.34,262.3 1 0
sfdbtools/internal/app/profile/connection/errors.go:263.2,264.43 2 0
sfdbtools/internal/app/profile/connection/errors.go:264.43,266.3 1 0
sfdbtools/internal/app/profile/connection/errors.go:267.2,268.39 2 0
sfdbtools/internal/app/profile/connection/errors.go:268.39,270.3 1 0
sfdbtools/internal/app/profile/connection/errors.go:271.2,271.10 1 0
sfdbtools/internal/app/profile/connection/preflight.go:21.66,22.20 1 1
sfdbtools/internal/app/profile/connection/preflight.go:22.20,24.3 1 1
sfdbtools/internal/app/profile/connection/preflight.go:26.2,29.16 4 1
sfdbtools/internal/app/profile/connection/preflight.go:29.16,31.3 1 1
sfdbtools/internal/app/profile/connection/preflight.go:32.2,32.31 1 1
sfdbtools/internal/app/profile/connection/preflight.go:32.31,34.3 1 1
sfdbtools/internal/app/profile/connection/preflight.go:35.2,35.16 1 1
sfdbtools/internal/app/profile/connection/preflight.go:35.16,37.3 1 1
sfdbtools/internal/app/profile/connection/preflight.go:39.2,39.32 1 1
sfdbtools/internal/app/profile/connection/preflight.go:39.32,41.3 1 1
sfdbtools/internal/app/profile/connection/preflight.go:43.2,48.19 5 1
sfdbtools/internal/app/profile/connection/preflight.go:48.19,50.3 1 1
sfdbtools/internal/app/profile/connection/preflight.go:51.2,51.18 1 1
sfdbtools/internal/app/profile/connection/preflight.go:51.18,53.3 1 1
sfdbtools/internal/app/profile/connection/preflight.go:54.2,54.37 1 1
sfdbtools/internal/app/profile/connection/preflight.go:54.37,56.3 1 1
sfdbtools/internal/app/profile/connection/preflight.go:57.2,57.40 1 1
sfdbtools/internal/app/profile/connection/preflight.go:57.40,59.3 1 1
sfdbtools/internal/app/profile/connection/preflight.go:61.2,61.20 1 1
sfdbtools/internal/app/profile/connection/preflight.go:61.20,63.25 2 1
sfdbtools/internal/app/profile/connection/preflight.go:63.25,64.41 1 1
sfdbtools/internal/app/profile/connection/preflight.go:64.41,66.5 1 1
sfdbtools/internal/app/profile/connection/preflight.go:68.3,70.17 3 1
sfdbtools/internal/app/profile/connection/preflight.go:70.17,72.4 1 1
sfdbtools/internal/app/profile/connection/preflight.go:73.3,73.17 1 1
sfdbtools/internal/app/profile/connection/preflight.go:73.17,75.4 1 1
sfdbtools/internal/app/profile/connection/preflight.go:76.3,77.17 2 1
sfdbtools/internal/app/profile/connection/preflight.go:77.17,79.4 1 0
sfdbtools/internal/app/profile/connection/preflight.go:80.3,80.16 1 1
sfdbtools/internal/app/profile/connection/preflight.go:83.2,83.12 1 1
sfdbtools/internal/app/profile/connection/preflight.go:92.59,94.16 1 1
sfdbtools/internal/app/profile/connection/preflight.go:94.16,98.10 1 1
sfdbtools/internal/app/profile/connection/preflight.go:98.10,99.79 1 1
sfdbtools/internal/app/profile/connection/preflight.go:99.79,100.70 1 1
sfdbtools/internal/app/profile/connection/preflight.go:100.70,102.6 1 1
sfdbtools/internal/app/profile/connection/preflight.go:108.2,108.75 1 1
sfdbtools/internal/app/profile/connection/preflight.go:108.75,109.64 1 1
sfdbtools/internal/app/profile/connection/preflight.go:109.64,111.4 1 1
sfdbtools/internal/app/profile/connection/preflight.go:116.2,116.37 1 1
sfdbtools/internal/app/profile/connection/preflight.go:121.65,122.20 1 1
sfdbtools/internal/app/profile/connection/preflight.go:122.20,124.3 1 1
sfdbtools/internal/app/profile/connection/preflight.go:125.2,126.74 2 1
sfdbtools/internal/app/profile/connection/preflight.go:126.74,129.3 2 1
sfdbtools/internal/app/profile/connection/preflight.go:130.2,130.13 1 1
sfdbtools/internal/app/profile/connection/test.go:44.38,45.18 1 0
sfdbtools/internal/app/profile/connection/test.go:46.25,47.21 1 0
sfdbtools/internal/app/profile/connection/test.go:47.21,49.4 1 0
sfdbtools/internal/app/profile/connection/test.go:50.3,50.19 1 0
sfdbtools/internal/app/profile/connection/test.go:51.25,52.40 1 0
sfdbtools/internal/app/profile/connection/test.go:52.40,54.4 1 0
sfdbtools/internal/app/profile/connection/test.go:55.3,55.19 1 0
sfdbtools/internal/app/profile/connection/test.go:56.26,57.20 1 0
sfdbtools/internal/app/profile/connection/test.go:58.24,59.40 1 0
sfdbtools/internal/app/profile/connection/test.go:59.40,61.4 1 0
sfdbtools/internal/app/profile/connection/test.go:62.3,62.18 1 0
sfdbtools/internal/app/profile/connection/test.go:63.10,64.13 1 0
sfdbtools/internal/app/profile/connection/test.go:86.107,89.15 3 0
sfdbtools/internal/app/profile/connection/test.go:89.15,92.3 2 0
sfdbtools/internal/app/profile/connection/test.go:95.2,97.12 3 0
sfdbtools/internal/app/profile/connection/test.go:97.12,99.50 2 0
sfdbtools/internal/app/profile/connection/test.go:99.50,101.4 1 0
sfdbtools/internal/app/profile/connection/test.go:102.3,104.20 3 0
sfdbtools/internal/app/profile/connection/test.go:107.2,107.20 1 0
sfdbtools/internal/app/profile/connection/test.go:107.20,114.3 6 0
sfdbtools/internal/app/profile/connection/test.go:117.2,117.17 1 0
sfdbtools/internal/app/profile/connection/test.go:117.17,119.3 1 0
sfdbtools/internal/app/profile/connection/test.go:120.2,120.58 1 0
sfdbtools/internal/app/profile/connection/test.go:120.58,127.3 6 0
sfdbtools/internal/app/profile/connection/test.go:129.2,130.21 2 0
sfdbtools/internal/app/profile/connection/test.go:130.21,132.3 1 0
sfdbtools/internal/app/profile/connection/test.go:135.2,138.31 4 0
sfdbtools/internal/app/profile/connection/test.go:138.31,140.20 2 0
sfdbtools/internal/app/profile/connection/test.go:140.20,143.4 2 0
sfdbtools/internal/app/profile/connection/test.go:144.3,145.19 2 0
sfdbtools/internal/app/profile/connection/test.go:145.19,147.4 1 0
sfdbtools/internal/app/profile/connection/test.go:148.3,148.20 1 0
sfdbtools/internal/app/profile/connection/test.go:152.2,152.17 1 0
sfdbtools/internal/app/profile/connection/test.go:152.17,154.3 1 0
sfdbtools/internal/app/profile/connection/test.go:155.2,156.53 2 0
sfdbtools/internal/app/profile/connection/test.go:156.53,162.3 5 0
sfdbtools/internal/app/profile/connection/test.go:165.2,165.17 1 0
sfdbtools/internal/app/profile/connection/test.go:165.17,167.3 1 0
sfdbtools/internal/app/profile/connection/test.go:168.2,169.53 2 0
sfdbtools/internal/app/profile/connection/test.go:169.53,174.3 4 0
sfdbtools/internal/app/profile/connection/test.go:177.2,178.31 2 0
sfdbtools/internal/app/profile/connection/test.go:178.31,179.18 1 0
sfdbtools/internal/app/profile/connection/test.go:179.18,181.4 1 0
sfdbtools/internal/app/profile/connection/test.go:182.3,200.17 5 0
sfdbtools/internal/app/profile/connection/test.go:200.17,205.4 4 0
sfdbtools/internal/app/profile/connection/test.go:206.3,208.160 3 0
sfdbtools/internal/app/profile/connection/test.go:209.8,211.3 1 0
sfdbtools/internal/app/profile/connection/test.go:214.2,214.17 1 0
sfdbtools/internal/app/profile/connection/test.go:214.17,216.3 1 0
sfdbtools/internal/app/profile/connection/test.go:217.2,232.16 5 0
sfdbtools/internal/app/profile/connection/test.go:232.16,233.20 1 0
sfdbtools/internal/app/profile/connection/test.go:233.20,235.4 1 0
sfdbtools/internal/app/profile/connection/test.go:236.3,238.16 3 0
sfdbtools/internal/app/profile/connection/test.go:240.2,240.15 1 0
sfdbtools/internal/app/profile/connection/test.go:240.15,242.20 2 0
sfdbtools/internal/app/profile/connection/test.go:242.20,244.4 1 0
sfdbtools/internal/app/profile/connection/test.go:246.2,249.17 2 0
sfdbtools/internal/app/profile/connection/test.go:249.17,251.3 1 0
sfdbtools/internal/app/profile/connection/test.go:252.2,255.17 4 0
sfdbtools/internal/app/profile/connection/test.go:255.17,258.24 2 0
sfdbtools/internal/app/profile/connection/test.go:258.24,260.4 1 0
sfdbtools/internal/app/profile/connection/test.go:261.3,261.16 1 0
sfdbtools/internal/app/profile/connection/test.go:263.2,265.15 2 0
sfdbtools/internal/app/profile/connection/test.go:268.60,269.20 1 0
sfdbtools/internal/app/profile/connection/test.go:269.20,271.3 1 0
sfdbtools/internal/app/profile/connection/test.go:272.2,273.16 2 0
sfdbtools/internal/app/profile/connection/test.go:273.16,275.3 1 0
sfdbtools/internal/app/profile/connection/test.go:276.2,277.16 2 0
sfdbtools/internal/app/profile/connection/test.go:277.16,279.3 1 0
sfdbtools/internal/app/profile/connection/test.go:280.2,280.19 1 0
sfdbtools/internal/app/profile/connection/test.go:283.61,285.13 2 0
sfdbtools/internal/app/profile/connection/test.go:285.13,288.3 2 0
sfdbtools/internal/app/profile/connection/test.go:291.2,291.27 1 0
sfdbtools/internal/app/profile/connection/test.go:291.27,293.3 1 0
sfdbtools/internal/app/profile/connection/test.go:295.2,300.16 5 0
sfdbtools/internal/app/profile/connection/test.go:300.16,302.3 1 0
sfdbtools/internal/app/profile/connection/test.go:303.2,303.75 1 0
sfdbtools/internal/app/profile/connection/test.go:306.71,308.13 2 0
sfdbtools/internal/app/profile/connection/test.go:308.13,311.3 2 0
sfdbtools/internal/app/profile/connection/test.go:312.2,312.31 1 0
sfdbtools/internal/app/profile/connection/test.go:312.31,315.3 2 0
sfdbtools/internal/app/profile/connection/test.go:317.2,321.16 5 0
sfdbtools/internal/app/profile/connection/test.go:321.16,323.3 1 0
sfdbtools/internal/app/profile/connection/test.go:324.2,325.75 2 0
sfdbtools/internal/app/profile/connection/test.go:328.47,329.12 1 0
sfdbtools/internal/app/profile/connection/test.go:329.12,331.3 1 0
sfdbtools/internal/app/profile/connection/test.go:333.2,334.20 2 0
